./scripts/quality/checks.sh: line 2: $'\r': command not found
./scripts/quality/checks.sh: line 3: set: -
: invalid option
set: usage: set [-abefhkmnptuvxBCEHPT] [-o option-name] [--] [-] [arg ...]
./scripts/quality/checks.sh: line 4: $'\r': command not found
./scripts/quality/checks.sh: line 10: $'\r': command not found
./scripts/quality/checks.sh: line 13: $'\r': command not found
./scripts/quality/checks.sh: line 15: /mnt/c/Users/kaumi/Documents/Projects/srxy-related/srxy/scripts/quality
/internal
/gate.sh
: No such file or directory
./scripts/quality/checks.sh: line 16: $'\r': command not found
./scripts/quality/checks.sh: line 18: /mnt/c/Users/kaumi/Documents/Projects/srxy-related/srxy/scripts/quality
/internal
/lib.sh
: No such file or directory
./scripts/quality/checks.sh: line 19: $'\r': command not found
./scripts/quality/checks.sh: line 23: /.srxy-quality-gate.lock

: Permission denied
./scripts/quality/checks.sh: line 33: syntax error near unexpected token `$'do\r''
./scripts/quality/checks.sh: line 33: `for arg in "$@"; do
'
